// Jest Snapshot v1, https://goo.gl/fbAQLP

exports[`Router component should render correctly 1`] = `
<div>
  <Switch>
    <PublicRoute
      component={[Function]}
      exact={true}
      path="/"
    />
    <PublicRoute
      component={[Function]}
      path="/comments"
    />
    <PublicRoute
      component={[Function]}
      path="/login"
    />
    <Connect(PrivateRoute)
      component={[Function]}
      path="/cabinet"
    />
    <Route
      component={[Function]}
    />
  </Switch>
</div>
`;
